// Jest Snapshot v1, https://goo.gl/fbAQLP

exports[`Buttons matches snapshot 1`] = `
ShallowWrapper {
  "length": 1,
  Symbol(enzyme.__root__): [Circular],
  Symbol(enzyme.__unrendered__): <Buttons />,
  Symbol(enzyme.__renderer__): Object {
    "batchedUpdates": [Function],
    "getNode": [Function],
    "render": [Function],
    "simulateEvent": [Function],
    "unmount": [Function],
  },
  Symbol(enzyme.__node__): Object {
    "instance": null,
    "key": undefined,
    "nodeType": "host",
    "props": Object {
      "children": Array [
        <button>
          <NavLink
                    activeClassName="active"
                    ariaCurrent="true"
                    className="people nav"
                    onClick={[Function]}
                    to="/people"
          >
                    People
          </NavLink>
</button>,
        <button>
          <NavLink
                    activeClassName="active"
                    ariaCurrent="true"
                    className="planets nav"
                    onClick={[Function]}
                    to="/planets"
          >
                    Planets
          </NavLink>
</button>,
        <button>
          <NavLink
                    activeClassName="active"
                    ariaCurrent="true"
                    className="vehicles nav"
                    onClick={[Function]}
                    to="/vehicles"
          >
                    Vehicles
          </NavLink>
</button>,
        <button>
          <NavLink
                    activeClassName="active"
                    ariaCurrent="true"
                    className="favorite nav"
                    onClick={[Function]}
                    to="/favorites"
          >
                    Favorite:
          </NavLink>
</button>,
      ],
    },
    "ref": null,
    "rendered": Array [
      Object {
        "instance": null,
        "key": undefined,
        "nodeType": "host",
        "props": Object {
          "children": <NavLink
            activeClassName="active"
            ariaCurrent="true"
            className="people nav"
            onClick={[Function]}
            to="/people"
>
            People
</NavLink>,
        },
        "ref": null,
        "rendered": Object {
          "instance": null,
          "key": undefined,
          "nodeType": "function",
          "props": Object {
            "activeClassName": "active",
            "ariaCurrent": "true",
            "children": "People",
            "className": "people nav",
            "onClick": [Function],
            "to": "/people",
          },
          "ref": null,
          "rendered": "People",
          "type": [Function],
        },
        "type": "button",
      },
      Object {
        "instance": null,
        "key": undefined,
        "nodeType": "host",
        "props": Object {
          "children": <NavLink
            activeClassName="active"
            ariaCurrent="true"
            className="planets nav"
            onClick={[Function]}
            to="/planets"
>
            Planets
</NavLink>,
        },
        "ref": null,
        "rendered": Object {
          "instance": null,
          "key": undefined,
          "nodeType": "function",
          "props": Object {
            "activeClassName": "active",
            "ariaCurrent": "true",
            "children": "Planets",
            "className": "planets nav",
            "onClick": [Function],
            "to": "/planets",
          },
          "ref": null,
          "rendered": "Planets",
          "type": [Function],
        },
        "type": "button",
      },
      Object {
        "instance": null,
        "key": undefined,
        "nodeType": "host",
        "props": Object {
          "children": <NavLink
            activeClassName="active"
            ariaCurrent="true"
            className="vehicles nav"
            onClick={[Function]}
            to="/vehicles"
>
            Vehicles
</NavLink>,
        },
        "ref": null,
        "rendered": Object {
          "instance": null,
          "key": undefined,
          "nodeType": "function",
          "props": Object {
            "activeClassName": "active",
            "ariaCurrent": "true",
            "children": "Vehicles",
            "className": "vehicles nav",
            "onClick": [Function],
            "to": "/vehicles",
          },
          "ref": null,
          "rendered": "Vehicles",
          "type": [Function],
        },
        "type": "button",
      },
      Object {
        "instance": null,
        "key": undefined,
        "nodeType": "host",
        "props": Object {
          "children": <NavLink
            activeClassName="active"
            ariaCurrent="true"
            className="favorite nav"
            onClick={[Function]}
            to="/favorites"
>
            Favorite:
</NavLink>,
        },
        "ref": null,
        "rendered": Object {
          "instance": null,
          "key": undefined,
          "nodeType": "function",
          "props": Object {
            "activeClassName": "active",
            "ariaCurrent": "true",
            "children": Array [
              "Favorite:",
              undefined,
            ],
            "className": "favorite nav",
            "onClick": [Function],
            "to": "/favorites",
          },
          "ref": null,
          "rendered": Array [
            "Favorite:",
            undefined,
          ],
          "type": [Function],
        },
        "type": "button",
      },
    ],
    "type": "div",
  },
  Symbol(enzyme.__nodes__): Array [
    Object {
      "instance": null,
      "key": undefined,
      "nodeType": "host",
      "props": Object {
        "children": Array [
          <button>
            <NavLink
                        activeClassName="active"
                        ariaCurrent="true"
                        className="people nav"
                        onClick={[Function]}
                        to="/people"
            >
                        People
            </NavLink>
</button>,
          <button>
            <NavLink
                        activeClassName="active"
                        ariaCurrent="true"
                        className="planets nav"
                        onClick={[Function]}
                        to="/planets"
            >
                        Planets
            </NavLink>
</button>,
          <button>
            <NavLink
                        activeClassName="active"
                        ariaCurrent="true"
                        className="vehicles nav"
                        onClick={[Function]}
                        to="/vehicles"
            >
                        Vehicles
            </NavLink>
</button>,
          <button>
            <NavLink
                        activeClassName="active"
                        ariaCurrent="true"
                        className="favorite nav"
                        onClick={[Function]}
                        to="/favorites"
            >
                        Favorite:
            </NavLink>
</button>,
        ],
      },
      "ref": null,
      "rendered": Array [
        Object {
          "instance": null,
          "key": undefined,
          "nodeType": "host",
          "props": Object {
            "children": <NavLink
              activeClassName="active"
              ariaCurrent="true"
              className="people nav"
              onClick={[Function]}
              to="/people"
>
              People
</NavLink>,
          },
          "ref": null,
          "rendered": Object {
            "instance": null,
            "key": undefined,
            "nodeType": "function",
            "props": Object {
              "activeClassName": "active",
              "ariaCurrent": "true",
              "children": "People",
              "className": "people nav",
              "onClick": [Function],
              "to": "/people",
            },
            "ref": null,
            "rendered": "People",
            "type": [Function],
          },
          "type": "button",
        },
        Object {
          "instance": null,
          "key": undefined,
          "nodeType": "host",
          "props": Object {
            "children": <NavLink
              activeClassName="active"
              ariaCurrent="true"
              className="planets nav"
              onClick={[Function]}
              to="/planets"
>
              Planets
</NavLink>,
          },
          "ref": null,
          "rendered": Object {
            "instance": null,
            "key": undefined,
            "nodeType": "function",
            "props": Object {
              "activeClassName": "active",
              "ariaCurrent": "true",
              "children": "Planets",
              "className": "planets nav",
              "onClick": [Function],
              "to": "/planets",
            },
            "ref": null,
            "rendered": "Planets",
            "type": [Function],
          },
          "type": "button",
        },
        Object {
          "instance": null,
          "key": undefined,
          "nodeType": "host",
          "props": Object {
            "children": <NavLink
              activeClassName="active"
              ariaCurrent="true"
              className="vehicles nav"
              onClick={[Function]}
              to="/vehicles"
>
              Vehicles
</NavLink>,
          },
          "ref": null,
          "rendered": Object {
            "instance": null,
            "key": undefined,
            "nodeType": "function",
            "props": Object {
              "activeClassName": "active",
              "ariaCurrent": "true",
              "children": "Vehicles",
              "className": "vehicles nav",
              "onClick": [Function],
              "to": "/vehicles",
            },
            "ref": null,
            "rendered": "Vehicles",
            "type": [Function],
          },
          "type": "button",
        },
        Object {
          "instance": null,
          "key": undefined,
          "nodeType": "host",
          "props": Object {
            "children": <NavLink
              activeClassName="active"
              ariaCurrent="true"
              className="favorite nav"
              onClick={[Function]}
              to="/favorites"
>
              Favorite:
</NavLink>,
          },
          "ref": null,
          "rendered": Object {
            "instance": null,
            "key": undefined,
            "nodeType": "function",
            "props": Object {
              "activeClassName": "active",
              "ariaCurrent": "true",
              "children": Array [
                "Favorite:",
                undefined,
              ],
              "className": "favorite nav",
              "onClick": [Function],
              "to": "/favorites",
            },
            "ref": null,
            "rendered": Array [
              "Favorite:",
              undefined,
            ],
            "type": [Function],
          },
          "type": "button",
        },
      ],
      "type": "div",
    },
  ],
  Symbol(enzyme.__options__): Object {
    "adapter": ReactSixteenAdapter {
      "options": Object {
        "enableComponentDidUpdateOnSetState": true,
      },
    },
  },
}
`;
